fsdfsdfsfsdfsdsdfsdfsf